------------------------------------------------------------
Timing Analyzer Summary
------------------------------------------------------------

Type  : Slow 1200mV 85C Model Setup 'clk'
Slack : -92.015
TNS   : -2698.890

Type  : Slow 1200mV 85C Model Hold 'clk'
Slack : 0.341
TNS   : 0.000

Type  : Slow 1200mV 85C Model Recovery 'clk'
Slack : -1.558
TNS   : -3.817

Type  : Slow 1200mV 85C Model Removal 'clk'
Slack : 1.452
TNS   : 0.000

Type  : Slow 1200mV 85C Model Minimum Pulse Width 'clk'
Slack : -3.000
TNS   : -238.704

Type  : Slow 1200mV 0C Model Setup 'clk'
Slack : -83.518
TNS   : -2446.953

Type  : Slow 1200mV 0C Model Hold 'clk'
Slack : 0.306
TNS   : 0.000

Type  : Slow 1200mV 0C Model Recovery 'clk'
Slack : -1.360
TNS   : -3.233

Type  : Slow 1200mV 0C Model Removal 'clk'
Slack : 1.332
TNS   : 0.000

Type  : Slow 1200mV 0C Model Minimum Pulse Width 'clk'
Slack : -3.000
TNS   : -238.704

Type  : Fast 1200mV 0C Model Setup 'clk'
Slack : -37.647
TNS   : -1043.149

Type  : Fast 1200mV 0C Model Hold 'clk'
Slack : 0.147
TNS   : 0.000

Type  : Fast 1200mV 0C Model Recovery 'clk'
Slack : -0.133
TNS   : -0.142

Type  : Fast 1200mV 0C Model Removal 'clk'
Slack : 0.615
TNS   : 0.000

Type  : Fast 1200mV 0C Model Minimum Pulse Width 'clk'
Slack : -3.000
TNS   : -176.263

------------------------------------------------------------
